// Jest Snapshot v1, https://goo.gl/fbAQLP

exports[`tests on entry component should match with snapshot 1`] = `
<div class="entry-container mb-3 pointer p-2">
  <div class="entry-title d-flex"><span class="text-success fs-5 fw-bold">23</span><span class="mx-1 fs-5">July</span><span class="mx-2 fw-light">2021, Saturday</span></div>
  <div class="entry-description">Hi Jest</div>
</div>
`;
